// Jest Snapshot v1, https://goo.gl/fbAQLP

exports[`TxAfrz should match snapshot 1`] = `
<div
  className="box"
  style="overflow-wrap: break-word;"
>
  <p
    className="has-text-centered has-text-weight-bold"
    id="txTitle"
  >
    Asset 
    Freeze
  </p>
  <p
    data-transaction-id="VH4LN4PICQPJNAZE6KVCNOYLE3K5XWWZH2OM3HWCSF2TOQU4MGNA"
  >
    <strong>
      TxID: 
    </strong>
    <span>
      VH4LN4PICQPJNAZE6KVCNOYLE3K5XWWZH2OM3HWCSF2TOQU4MGNA
    </span>
  </p>
  <p
    data-transaction-sender="WLH5LELVSEVQL45LBRQYCLJAX6KQPGWUY5WHJXVRV2NPYZUBQAFPH22Q7A"
  >
    <strong>
      Origin: 
    </strong>
    <span>
      WLH5LELVSEVQL45LBRQYCLJAX6KQPGWUY5WHJXVRV2NPYZUBQAFPH22Q7A
    </span>
  </p>
  <p>
    <strong>
      Freeze address: 
    </strong>
    <span>
      ZYQX7BZ6LGTD7UCS7J5RVEAKHUJPK3FNJFZV2GPUYS2TFIADVFHDBKTN7I
    </span>
  </p>
  <p>
    <strong>
      Asset: 
    </strong>
    <span>
      185
    </span>
  </p>
  <p>
    <strong>
      Action: 
    </strong>
    <span>
      Freeze
    </span>
  </p>
  <p>
    <strong>
      Block: 
    </strong>
    <span>
      3276956
    </span>
  </p>
  <div
    className="has-text-centered"
  >
    <a
      href="https://goalseeker.purestake.io/algorand/testnet/transaction/VH4LN4PICQPJNAZE6KVCNOYLE3K5XWWZH2OM3HWCSF2TOQU4MGNA"
      rel="noopener noreferrer"
      target="_blank"
    >
      See details in GoalSeeker
    </a>
  </div>
</div>
`;
